// Jest Snapshot v1, https://goo.gl/fbAQLP

exports[`matches snapshot 1`] = `
<DocumentFragment>
  <section
    class="col-md-8"
  >
    <div
      class="card"
    >
      <div
        class="text-center card-body"
      >
        <h5
          class="card-title"
        >
          Welcome to Silicon Valley's premier dive cafe!
        </h5>
        <ul
          class="list-group"
        >
          <a
            href="/snacks"
          >
            <li
              class="list-group-item"
            >
              Snacks: 5
            </li>
          </a>
          <a
            href="/drinks"
          >
            <li
              class="list-group-item"
            >
              Drinks: 7
            </li>
          </a>
        </ul>
      </div>
    </div>
  </section>
</DocumentFragment>
`;
