// Vitest Snapshot v1, https://vitest.dev/guide/snapshot.html

exports[`matches snapshot 1`] = `
{
  "asFragment": [Function],
  "baseElement": <body>
    <div>
      <section
        class="col-md-4"
      >
        <div
          class="card"
        >
          <div
            class="card-body"
          >
            <div
              class="font-weight-bold text-center card-title"
            >
              Add A Menu Item
            </div>
            <form
              class="AddForm-form"
            >
              <div>
                <label
                  for="type"
                >
                  Type:
                </label>
                <select
                  id="type"
                  name="type"
                >
                  <option
                    value="snacks"
                  >
                    Snack
                  </option>
                  <option
                    value="drinks"
                  >
                    Drink
                  </option>
                </select>
              </div>
              <div>
                <label
                  for="id"
                >
                  Id:  
                </label>
                <input
                  id="id"
                  name="id"
                  placeholder="id"
                  type="text"
                  value=""
                />
              </div>
              <div>
                <label
                  for="name"
                >
                  Name:  
                </label>
                <input
                  id="name"
                  name="name"
                  placeholder="name"
                  type="text"
                  value=""
                />
              </div>
              <div>
                <label
                  for="description"
                >
                  Description: 
                </label>
                <input
                  id="description"
                  name="description"
                  placeholder="description"
                  type="text"
                  value=""
                />
              </div>
              <div>
                <label
                  for="recipe"
                >
                  Recipe: 
                </label>
                <input
                  id="recipe"
                  name="recipe"
                  placeholder="recipe"
                  type="text"
                  value=""
                />
              </div>
              <div>
                <label
                  for="serve"
                >
                  Serve:
                </label>
                <input
                  id="serve"
                  name="serve"
                  placeholder="serve"
                  type="text"
                  value=""
                />
              </div>
              <button>
                Add
              </button>
            </form>
          </div>
        </div>
      </section>
    </div>
  </body>,
  "container": <div>
    <section
      class="col-md-4"
    >
      <div
        class="card"
      >
        <div
          class="card-body"
        >
          <div
            class="font-weight-bold text-center card-title"
          >
            Add A Menu Item
          </div>
          <form
            class="AddForm-form"
          >
            <div>
              <label
                for="type"
              >
                Type:
              </label>
              <select
                id="type"
                name="type"
              >
                <option
                  value="snacks"
                >
                  Snack
                </option>
                <option
                  value="drinks"
                >
                  Drink
                </option>
              </select>
            </div>
            <div>
              <label
                for="id"
              >
                Id:  
              </label>
              <input
                id="id"
                name="id"
                placeholder="id"
                type="text"
                value=""
              />
            </div>
            <div>
              <label
                for="name"
              >
                Name:  
              </label>
              <input
                id="name"
                name="name"
                placeholder="name"
                type="text"
                value=""
              />
            </div>
            <div>
              <label
                for="description"
              >
                Description: 
              </label>
              <input
                id="description"
                name="description"
                placeholder="description"
                type="text"
                value=""
              />
            </div>
            <div>
              <label
                for="recipe"
              >
                Recipe: 
              </label>
              <input
                id="recipe"
                name="recipe"
                placeholder="recipe"
                type="text"
                value=""
              />
            </div>
            <div>
              <label
                for="serve"
              >
                Serve:
              </label>
              <input
                id="serve"
                name="serve"
                placeholder="serve"
                type="text"
                value=""
              />
            </div>
            <button>
              Add
            </button>
          </form>
        </div>
      </div>
    </section>
  </div>,
  "debug": [Function],
  "findAllByAltText": [Function],
  "findAllByDisplayValue": [Function],
  "findAllByLabelText": [Function],
  "findAllByPlaceholderText": [Function],
  "findAllByRole": [Function],
  "findAllByTestId": [Function],
  "findAllByText": [Function],
  "findAllByTitle": [Function],
  "findByAltText": [Function],
  "findByDisplayValue": [Function],
  "findByLabelText": [Function],
  "findByPlaceholderText": [Function],
  "findByRole": [Function],
  "findByTestId": [Function],
  "findByText": [Function],
  "findByTitle": [Function],
  "getAllByAltText": [Function],
  "getAllByDisplayValue": [Function],
  "getAllByLabelText": [Function],
  "getAllByPlaceholderText": [Function],
  "getAllByRole": [Function],
  "getAllByTestId": [Function],
  "getAllByText": [Function],
  "getAllByTitle": [Function],
  "getByAltText": [Function],
  "getByDisplayValue": [Function],
  "getByLabelText": [Function],
  "getByPlaceholderText": [Function],
  "getByRole": [Function],
  "getByTestId": [Function],
  "getByText": [Function],
  "getByTitle": [Function],
  "queryAllByAltText": [Function],
  "queryAllByDisplayValue": [Function],
  "queryAllByLabelText": [Function],
  "queryAllByPlaceholderText": [Function],
  "queryAllByRole": [Function],
  "queryAllByTestId": [Function],
  "queryAllByText": [Function],
  "queryAllByTitle": [Function],
  "queryByAltText": [Function],
  "queryByDisplayValue": [Function],
  "queryByLabelText": [Function],
  "queryByPlaceholderText": [Function],
  "queryByRole": [Function],
  "queryByTestId": [Function],
  "queryByText": [Function],
  "queryByTitle": [Function],
  "rerender": [Function],
  "unmount": [Function],
}
`;
