// Vitest Snapshot v1, https://vitest.dev/guide/snapshot.html

exports[`it matches snapshot 1`] = `
{
  "asFragment": [Function],
  "baseElement": <body>
    <div>
      <section
        class="col-md-8"
      >
        <div
          class="card"
        >
          <div
            class="text-center card-body"
          >
            <div
              class="card-title"
            >
              <h5
                class="font-weight-bold"
              >
                Welcome to Silicon Valley's premier dive cafe!
              </h5>
            </div>
            <ul
              class="list-group"
            >
              <a
                href="/snacks"
              >
                <li
                  class="list-group-item"
                >
                  Snacks: 
                  5
                </li>
              </a>
              <a
                href="/drinks"
              >
                <li
                  class="list-group-item"
                >
                  Drinks: 
                  7
                </li>
              </a>
            </ul>
          </div>
        </div>
      </section>
    </div>
  </body>,
  "container": <div>
    <section
      class="col-md-8"
    >
      <div
        class="card"
      >
        <div
          class="text-center card-body"
        >
          <div
            class="card-title"
          >
            <h5
              class="font-weight-bold"
            >
              Welcome to Silicon Valley's premier dive cafe!
            </h5>
          </div>
          <ul
            class="list-group"
          >
            <a
              href="/snacks"
            >
              <li
                class="list-group-item"
              >
                Snacks: 
                5
              </li>
            </a>
            <a
              href="/drinks"
            >
              <li
                class="list-group-item"
              >
                Drinks: 
                7
              </li>
            </a>
          </ul>
        </div>
      </div>
    </section>
  </div>,
  "debug": [Function],
  "findAllByAltText": [Function],
  "findAllByDisplayValue": [Function],
  "findAllByLabelText": [Function],
  "findAllByPlaceholderText": [Function],
  "findAllByRole": [Function],
  "findAllByTestId": [Function],
  "findAllByText": [Function],
  "findAllByTitle": [Function],
  "findByAltText": [Function],
  "findByDisplayValue": [Function],
  "findByLabelText": [Function],
  "findByPlaceholderText": [Function],
  "findByRole": [Function],
  "findByTestId": [Function],
  "findByText": [Function],
  "findByTitle": [Function],
  "getAllByAltText": [Function],
  "getAllByDisplayValue": [Function],
  "getAllByLabelText": [Function],
  "getAllByPlaceholderText": [Function],
  "getAllByRole": [Function],
  "getAllByTestId": [Function],
  "getAllByText": [Function],
  "getAllByTitle": [Function],
  "getByAltText": [Function],
  "getByDisplayValue": [Function],
  "getByLabelText": [Function],
  "getByPlaceholderText": [Function],
  "getByRole": [Function],
  "getByTestId": [Function],
  "getByText": [Function],
  "getByTitle": [Function],
  "queryAllByAltText": [Function],
  "queryAllByDisplayValue": [Function],
  "queryAllByLabelText": [Function],
  "queryAllByPlaceholderText": [Function],
  "queryAllByRole": [Function],
  "queryAllByTestId": [Function],
  "queryAllByText": [Function],
  "queryAllByTitle": [Function],
  "queryByAltText": [Function],
  "queryByDisplayValue": [Function],
  "queryByLabelText": [Function],
  "queryByPlaceholderText": [Function],
  "queryByRole": [Function],
  "queryByTestId": [Function],
  "queryByText": [Function],
  "queryByTitle": [Function],
  "rerender": [Function],
  "unmount": [Function],
}
`;
