// Vitest Snapshot v1, https://vitest.dev/guide/snapshot.html

exports[`matches snapshot 1`] = `
{
  "asFragment": [Function],
  "baseElement": <body>
    <div>
      <section
        class="col-md-4"
      >
        <div
          class="card"
        >
          <div
            class="card-body"
          >
            <div
              class="font-weight-bold text-center card-title"
            >
              Snacks
               Menu
            </div>
            <p
              class="card-text"
            >
              Our delicious 
              snacks
            </p>
            <ul
              class="list-group"
            >
              <a
                href="/snacks/nachos"
              >
                <li
                  class="list-group-item"
                >
                  Nachos
                </li>
              </a>
              <a
                href="/snacks/hummus"
              >
                <li
                  class="list-group-item"
                >
                  Hummus
                </li>
              </a>
            </ul>
          </div>
        </div>
      </section>
    </div>
  </body>,
  "container": <div>
    <section
      class="col-md-4"
    >
      <div
        class="card"
      >
        <div
          class="card-body"
        >
          <div
            class="font-weight-bold text-center card-title"
          >
            Snacks
             Menu
          </div>
          <p
            class="card-text"
          >
            Our delicious 
            snacks
          </p>
          <ul
            class="list-group"
          >
            <a
              href="/snacks/nachos"
            >
              <li
                class="list-group-item"
              >
                Nachos
              </li>
            </a>
            <a
              href="/snacks/hummus"
            >
              <li
                class="list-group-item"
              >
                Hummus
              </li>
            </a>
          </ul>
        </div>
      </div>
    </section>
  </div>,
  "debug": [Function],
  "findAllByAltText": [Function],
  "findAllByDisplayValue": [Function],
  "findAllByLabelText": [Function],
  "findAllByPlaceholderText": [Function],
  "findAllByRole": [Function],
  "findAllByTestId": [Function],
  "findAllByText": [Function],
  "findAllByTitle": [Function],
  "findByAltText": [Function],
  "findByDisplayValue": [Function],
  "findByLabelText": [Function],
  "findByPlaceholderText": [Function],
  "findByRole": [Function],
  "findByTestId": [Function],
  "findByText": [Function],
  "findByTitle": [Function],
  "getAllByAltText": [Function],
  "getAllByDisplayValue": [Function],
  "getAllByLabelText": [Function],
  "getAllByPlaceholderText": [Function],
  "getAllByRole": [Function],
  "getAllByTestId": [Function],
  "getAllByText": [Function],
  "getAllByTitle": [Function],
  "getByAltText": [Function],
  "getByDisplayValue": [Function],
  "getByLabelText": [Function],
  "getByPlaceholderText": [Function],
  "getByRole": [Function],
  "getByTestId": [Function],
  "getByText": [Function],
  "getByTitle": [Function],
  "queryAllByAltText": [Function],
  "queryAllByDisplayValue": [Function],
  "queryAllByLabelText": [Function],
  "queryAllByPlaceholderText": [Function],
  "queryAllByRole": [Function],
  "queryAllByTestId": [Function],
  "queryAllByText": [Function],
  "queryAllByTitle": [Function],
  "queryByAltText": [Function],
  "queryByDisplayValue": [Function],
  "queryByLabelText": [Function],
  "queryByPlaceholderText": [Function],
  "queryByRole": [Function],
  "queryByTestId": [Function],
  "queryByText": [Function],
  "queryByTitle": [Function],
  "rerender": [Function],
  "unmount": [Function],
}
`;
