// Vitest Snapshot v1, https://vitest.dev/guide/snapshot.html

exports[`matches snapshot 1`] = `
{
  "asFragment": [Function],
  "baseElement": <body>
    <div>
      <div>
        <nav
          class="navbar navbar-expand-md"
        >
          <div
            class="container-fluid"
          >
            <a
              aria-current="page"
              class="navbar-brand active"
              href="/"
            >
              Snack or Booze
            </a>
            <ul
              class="ml-auto navbar-nav"
            >
              <li
                class="nav-item"
              >
                <a
                  class=""
                  href="/snacks"
                >
                  Snacks
                </a>
              </li>
              <li
                class="nav-item"
              >
                <a
                  class=""
                  href="/drinks"
                >
                  Drinks
                </a>
              </li>
              <li
                class="nav-item"
              >
                <a
                  class=""
                  href="/add"
                >
                  Add to Menu
                </a>
              </li>
            </ul>
          </div>
        </nav>
      </div>
    </div>
  </body>,
  "container": <div>
    <div>
      <nav
        class="navbar navbar-expand-md"
      >
        <div
          class="container-fluid"
        >
          <a
            aria-current="page"
            class="navbar-brand active"
            href="/"
          >
            Snack or Booze
          </a>
          <ul
            class="ml-auto navbar-nav"
          >
            <li
              class="nav-item"
            >
              <a
                class=""
                href="/snacks"
              >
                Snacks
              </a>
            </li>
            <li
              class="nav-item"
            >
              <a
                class=""
                href="/drinks"
              >
                Drinks
              </a>
            </li>
            <li
              class="nav-item"
            >
              <a
                class=""
                href="/add"
              >
                Add to Menu
              </a>
            </li>
          </ul>
        </div>
      </nav>
    </div>
  </div>,
  "debug": [Function],
  "findAllByAltText": [Function],
  "findAllByDisplayValue": [Function],
  "findAllByLabelText": [Function],
  "findAllByPlaceholderText": [Function],
  "findAllByRole": [Function],
  "findAllByTestId": [Function],
  "findAllByText": [Function],
  "findAllByTitle": [Function],
  "findByAltText": [Function],
  "findByDisplayValue": [Function],
  "findByLabelText": [Function],
  "findByPlaceholderText": [Function],
  "findByRole": [Function],
  "findByTestId": [Function],
  "findByText": [Function],
  "findByTitle": [Function],
  "getAllByAltText": [Function],
  "getAllByDisplayValue": [Function],
  "getAllByLabelText": [Function],
  "getAllByPlaceholderText": [Function],
  "getAllByRole": [Function],
  "getAllByTestId": [Function],
  "getAllByText": [Function],
  "getAllByTitle": [Function],
  "getByAltText": [Function],
  "getByDisplayValue": [Function],
  "getByLabelText": [Function],
  "getByPlaceholderText": [Function],
  "getByRole": [Function],
  "getByTestId": [Function],
  "getByText": [Function],
  "getByTitle": [Function],
  "queryAllByAltText": [Function],
  "queryAllByDisplayValue": [Function],
  "queryAllByLabelText": [Function],
  "queryAllByPlaceholderText": [Function],
  "queryAllByRole": [Function],
  "queryAllByTestId": [Function],
  "queryAllByText": [Function],
  "queryAllByTitle": [Function],
  "queryByAltText": [Function],
  "queryByDisplayValue": [Function],
  "queryByLabelText": [Function],
  "queryByPlaceholderText": [Function],
  "queryByRole": [Function],
  "queryByTestId": [Function],
  "queryByText": [Function],
  "queryByTitle": [Function],
  "rerender": [Function],
  "unmount": [Function],
}
`;
